GIRO D'ABRUZZO JUNIORES 2026 TERZA TAPPA | 2026-05-03 | x2 | keyword_match
GIRO D'ABRUZZO JUNIORES 2026 CLASSIFICA GENERALE | 2026-05-03 | x3 | keyword_match+classifica_finale
12 MEMORIAL DANIELE TORTOLI | 2026-05-03 | x1 | no_match
72 TROFEO FRARE DE NARDI | 2026-05-03 | x1 | no_match
1 COPPA DELLE BORGATE | 2026-05-03 | x1 | no_match
1 COPPA DELLE BORGATE | 2026-05-03 | x1 | no_match
67 GRAN PREMIO U C A T | 2026-05-03 | x1 | no_match
24 GRAN PREMIO ROSA CITTA' DI BOVOLONE | 2026-05-03 | x1 | no_match
24 GRAN PREMIO ROSA CITTA' DI BOVOLONE | 2026-05-03 | x1 | no_match
24 GRAN PREMIO ROSA CITTA' DI BOVOLONE DONNE ESORDIENTI PRIMO ANNO | 2026-05-03 | x1 | no_match
24 GRAN PREMIO ROSA CITTA' DI BOVOLONE DONNE ESORDIENTI SECONDO ANNO | 2026-05-03 | x1 | no_match
65 GRAN PREMIO ALESSANDRO FANTINI | 2026-05-03 | x1 | no_match
38 GRAN PREMIO CITTA' DI ZOLA DIECI COLLI GIOVANI | 2026-05-03 | x1 | no_match
6 GRAN PREMIO IMPRESA SERGIO ZANETTE | 2026-05-03 | x1 | no_match
GRAN PREMIO CAMPI ENERGIE 2026 MEMORIAL FORTUNA 2026 | 2026-05-03 | x1 | no_match
51 TROFEO COMUNE DI GUSSAGO STRADE BIANCHE DELLA CONTEA | 2026-05-03 | x1 | no_match
TROFEO AUTOFFICINA GALBIATI | 2026-05-03 | x1 | no_match
LA STORICA COPPA DE LE POGGIOLA | 2026-05-03 | x1 | no_match
MEDIO FONDO ALCAMO GIBELLINA | 2026-05-03 | x1 | no_match
65 GRAN PREMIO A FANTINI GARA UNICA | 2026-05-03 | x1 | no_match
65 GRAN PREMIO A FANTINI GARA UNICA | 2026-05-03 | x1 | no_match
MEMORIAL LORIS FORTUNA 2026 GARA UNICA | 2026-05-03 | x1 | no_match
MEMORIAL LORIS FORTUNA 2026 GARA UNICA | 2026-05-03 | x1 | no_match
2 TROFEO CITTA' DI OVADA GARA UNICA | 2026-05-03 | x1 | no_match
2 TROFEO CITTA' DI OVADA GARA UNICA | 2026-05-03 | x1 | no_match
TROFEO UNA VITA PER LA BRUGHERIO SPORTIVA GARA UNICA | 2026-05-03 | x1 | no_match
TROFEO UNA VITA PER LA BRUGHERIO SPORTIVA GARA UNICA | 2026-05-03 | x1 | no_match
1 COPPA DELLE BORGATE GARA UNICA | 2026-05-03 | x1 | no_match
1 COPPA DELLE BORGATE GARA UNICA | 2026-05-03 | x1 | no_match
MEDIO FONDO ALCAMO GIBELLINA GARA UNICA | 2026-05-03 | x1 | no_match
MEDIO FONDO ALCAMO GIBELLINA GARA UNICA | 2026-05-03 | x1 | no_match
51 GRAN PREMIO LEIBALLI CUZZUOL | 2026-05-03 | x1 | no_match
51 GRAN PREMIO LEIBALLI CUZZUOL | 2026-05-03 | x1 | no_match
14 TROFEO MAURIGI | 2026-05-03 | x1 | no_match
14 TROFEO MAURIGI | 2026-05-03 | x1 | no_match
LA STORICA COPPA DE LE POGGIOLA | 2026-05-03 | x1 | no_match
LA STORICA COPPA DE LE POGGIOLA | 2026-05-03 | x1 | no_match
GIRO D'ABRUZZO JUNIORES 2026 SECONDA TAPPA | 2026-05-02 | x2 | keyword_match
2 TROFEO ROSA MONTALTO PROVA VALIDA CAMPIONATO REGIONALE | 2026-05-02 | x2 | keyword_match
2 TROFEO ROSA MONTALTO PROVA VALIDA CAMPIONATO REGIONALE | 2026-05-02 | x2 | keyword_match
2 TROFEO ROSA MONTALTO PROVA VALIDA CAMPIONATO REGIONALE | 2026-05-02 | x2 | keyword_match
2 TROFEO ROSA MONTALTO PROVA VALIDA CAMPIONATO REGIONALE DONNE ESORDIENTI PRIMO ANNO | 2026-05-02 | x2 | keyword_match
2 TROFEO ROSA MONTALTO PROVA VALIDA CAMPIONATO REGIONALE DONNE ESORDIENTI SECONDO ANNO | 2026-05-02 | x2 | keyword_match
GIRO D'ABRUZZO JUNIORES 2026 PRIMA TAPPA | 2026-05-01 | x2 | keyword_match
7 GRAN PREMIO GENERAL STORE | 2026-05-01 | x1 | no_match
50 TROFEO PAPA' CERVI | 2026-05-01 | x1 | no_match
57 COPPA PENNA | 2026-05-01 | x1 | no_match
69 GRAN PREMIO DI SAN PROSPERO | 2026-05-01 | x1 | no_match
57 GRAN PREMIO SPORTIVI DI BADOERE | 2026-05-01 | x1 | no_match
46 COPPA CITTA' DI CANTU' | 2026-05-01 | x1 | no_match
69 COPPA 1 MAGGIO | 2026-05-01 | x1 | no_match
4 TROFEO ROSA CITTA' DI CANTU' | 2026-05-01 | x1 | no_match
TROFEO COMUNE DI ILLASI | 2026-05-01 | x1 | no_match
3 TROFEO P E K NEW ELECTRIC | 2026-05-01 | x1 | no_match
TROFEO COMUNE DI ILLASI DONNE ESORDIENTI PRIMO ANNO | 2026-05-01 | x1 | no_match
TROFEO COMUNE DI ILLASI DONNE ESORDIENTI SECONDO ANNO | 2026-05-01 | x1 | no_match
3 TROFEO P E K NEW ELECTRIC DONNE ESORDIENTI PRIMO ANNO | 2026-05-01 | x1 | no_match
3 TROFEO P E K NEW ELECTRIC DONNE ESORDIENTI SECONDO ANNO | 2026-05-01 | x1 | no_match
81 GRAN PREMIO CADUTI LIBERAZIONE | 2026-05-01 | x1 | no_match
TROFEO COMUNE DI ILLASI | 2026-05-01 | x1 | no_match
12 MEMORIAL NICOLA TINCANI | 2026-05-01 | x1 | no_match
26 MEMORIAL MARCELLO PERICO 1 TROFEO CITTA' DI SERIATE | 2026-05-01 | x1 | no_match
11 MEMORIAL MARIO BIANCO | 2026-05-01 | x1 | no_match
31 TROFEO S FRANCESCO | 2026-05-01 | x1 | no_match
7 TROFEO GIORNATA DEL CICLISMO MANZANESE PROVA VALIDA CAMPIONATO REGIONALE | 2026-05-01 | x2 | keyword_match
78 COPPA LAVORATORI | 2026-05-01 | x1 | no_match
57 COPPA CIRCOLO ARCI RENZINO | 2026-05-01 | x1 | no_match
81 GRAN PREMIO CADUTI LIBERAZIONE GARA UNICA | 2026-05-01 | x1 | no_match
81 GRAN PREMIO CADUTI LIBERAZIONE GARA UNICA | 2026-05-01 | x1 | no_match
TROFEO COMUNE DI ILLASI GARA UNICA | 2026-05-01 | x1 | no_match
TROFEO COMUNE DI ILLASI GARA UNICA | 2026-05-01 | x1 | no_match
11 MEMORIAL MARIO BIANCO GARA UNICA | 2026-05-01 | x1 | no_match
11 MEMORIAL MARIO BIANCO GARA UNICA | 2026-05-01 | x1 | no_match
26 TROFEO PADRE GIUSEPPE GARA UNICA PROVA VALIDA CAMPIONATO REGIONALE | 2026-05-01 | x2 | keyword_match
26 TROFEO PADRE GIUSEPPE GARA UNICA PROVA VALIDA CAMPIONATO REGIONALE | 2026-05-01 | x2 | keyword_match
2 TROFEO TORRETTA PAOLO A M GARA UNICA | 2026-05-01 | x1 | no_match
2 TROFEO TORRETTA PAOLO A M GARA UNICA | 2026-05-01 | x1 | no_match
TROFEI FARM VIGILANTI CAMA | 2026-05-01 | x1 | no_match
TROFEO TIEFFE SNC DI SETTEN E C | 2026-05-01 | x1 | no_match
42 COPPA DEI LAVORATORI | 2026-05-01 | x1 | no_match
42 COPPA DEI LAVORATORI | 2026-05-01 | x1 | no_match
7 TROFEO GIORNATA DEL CICLISMO MANZANESE | 2026-05-01 | x1 | no_match
7 TROFEO GIORNATA DEL CICLISMO MANZANESE | 2026-05-01 | x1 | no_match
22 TROFEO ARMANNI GIUSEPPE E FERRARI ONORINA | 2026-05-01 | x1 | no_match
22 TROFEO ARMANNI CARRELLI ELEVATORI | 2026-05-01 | x1 | no_match
15 GIRO DI PRIMAVERA | 2026-04-26 | x1 | no_match
82 VICENZA BIONDE UNDER23 | 2026-04-26 | x1 | no_match
19 TROFEO MG TUNING | 2026-04-26 | x1 | no_match
19 TROFEO MG TUNING | 2026-04-26 | x1 | no_match
COPPA 1 MAGGIO DEL CERAMISTA | 2026-04-26 | x1 | no_match
4 GRAN PREMIO SAN LEOLINO | 2026-04-26 | x1 | no_match
2 MEDIOFONDO DI BISACQUINO | 2026-04-26 | x1 | no_match
GRAN REMIO PRIMAVERA A MASER PROVA VALIDA CAMPIONATO REGIONALE | 2026-04-26 | x2 | keyword_match
52 TROFEO DANTE SILVELLI A M | 2026-04-26 | x1 | no_match
44 CIRCUITO DEL BOSCO | 2026-04-26 | x1 | no_match
6 MEMORIAL CLAUDIA | 2026-04-26 | x1 | no_match
2 MEDIOFONDO DI BISACQUINO | 2026-04-26 | x1 | no_match
4 TROFEO PECSO CAVI | 2026-04-26 | x1 | no_match
3 TROFEO BACCI FABIO ALLA MEMORIA | 2026-04-26 | x1 | no_match
3 TROFEO RAGGIO DI SOLE | 2026-04-26 | x1 | no_match
3 TROFEO RAGGIO DI SOLE GARA UNICA | 2026-04-26 | x1 | no_match
3 TROFEO RAGGIO DI SOLE GARA UNICA | 2026-04-26 | x1 | no_match
19 TROFEO MG TUNING GARA UNICA | 2026-04-26 | x1 | no_match
19 TROFEO MG TUNING GARA UNICA | 2026-04-26 | x1 | no_match
1 GRAN PREMIO LOREGGIOLA | 2026-04-26 | x1 | no_match
1 GRAN PREMIO LOREGGIOLA | 2026-04-26 | x1 | no_match
18 CRITERIUM RIVA LOGISTICA | 2026-04-26 | x1 | no_match
18 CRITERIUM RIVA LOGISTICA | 2026-04-26 | x1 | no_match
4 TROFEO PECSO CAVI | 2026-04-26 | x1 | no_match
4 TROFEO PECSO CAVI | 2026-04-26 | x1 | no_match
3 TROFEO BACCI FABIO ALLA MEMORIA | 2026-04-26 | x1 | no_match
3 TROFEO BACCI FABIO ALLA MEMORIA | 2026-04-26 | x1 | no_match
12 MEMORIAL ROBERTO CANAL | 2026-04-26 | x1 | no_match
12 MEMORIAL ROBERTO CANAL | 2026-04-26 | x1 | no_match
GRAN PREMIO PRIMAVERA A MASER | 2026-04-26 | x1 | no_match
3 TROFEO RAGGIO DI SOLE | 2026-04-26 | x1 | no_match
GRAN PREMIO PRIMAVERA A MASER DONNE ESORDIENTI PRIMO ANNO | 2026-04-26 | x1 | no_match
GRAN PREMIO PRIMAVERA A MASER DONNE ESORDIENTI SECONDO ANNO | 2026-04-26 | x1 | no_match
3 TROFEO RAGGIO DI SOLE DONNE ESORDIENTI PRIMO ANNO | 2026-04-26 | x1 | no_match
3 TROFEO RAGGIO DI SOLE DONNE ESORDIENTI SECONDO ANNO | 2026-04-26 | x1 | no_match
79 GRAN PREMIO DELLA LIBERAZIONE UNDER23 | 2026-04-25 | x1 | no_match
71 COPPA MONTES GRAN PREMIO DELLA RESISTENZA | 2026-04-25 | x1 | no_match
GRAN PREMIO DELLA LIBERAZIONE DONNE | 2026-04-25 | x1 | no_match
50 GRAN PREMIO LIBERAZIONE CITTA' DI MASSA | 2026-04-25 | x1 | no_match
79 COPPA CADUTI NERVIANESI | 2026-04-25 | x1 | no_match
47 COPPA ARDIGO' | 2026-04-25 | x1 | no_match
1 TROFEO DELLA LIBERAZIONE COMUNE DI COLLESALVETTI | 2026-04-25 | x1 | no_match
62 TROFEO CADUTI E DISPERSI COMUNE DI PASSIRANO | 2026-04-25 | x1 | no_match
CRITERIUM LIBERAZIONE 6 MEMORIAL GIANCARLO CERUTI | 2026-04-25 | x1 | no_match
33 MEMORIAL LORIS ANGELI | 2026-04-25 | x1 | no_match
CRITERIUM LIBERAZIONE DONNE ESORDIENTI PRIMO ANNO | 2026-04-25 | x1 | no_match
CRITERIUM LIBERAZIONE DONNE ESORDIENTI SECONDO ANNO | 2026-04-25 | x1 | no_match
54 TROFEO PRUGNO FIORITO DONNE ESORDIENTI PRIMO ANNO | 2026-04-25 | x1 | no_match
54 TROFEO PRUGNO FIORITO DONNE ESORDIENTI SECONDO ANNO | 2026-04-25 | x1 | no_match
49 GRAN PREMIO LIBERAZIONE | 2026-04-25 | x1 | no_match
4 PALIO VINI CLASSICO PEDEMONTE | 2026-04-25 | x3 | keyword_match
2 MEMORIAL TOTO' LONGO CAMPIONATO REGIONALE | 2026-04-25 | x2 | keyword_match
9 TROFEO BCC BRIANZA E LAGHI | 2026-04-25 | x1 | no_match
68 TROFEO DELLA VITTORIA CAMPIONATO TRENTINO | 2026-04-25 | x1 | no_match
CRITERIUM LIBERAZIONE | 2026-04-25 | x1 | no_match
COPPA LIBERAZIONE 5 TROFEO I GREPPI | 2026-04-25 | x1 | no_match
22 GRAN PREMIO DELLA LIBERAZIONE STRADE BIANCHE | 2026-04-25 | x1 | no_match
2 MEMORIAL TOTO' LONGO GARA UNICA | 2026-04-25 | x1 | no_match
2 MEMORIAL TOTO' LONGO GARA UNICA | 2026-04-25 | x1 | no_match
CRITERIUM LIBERAZIONE GARA UNICA | 2026-04-25 | x1 | no_match
CRITERIUM LIBERAZIONE GARA UNICA | 2026-04-25 | x1 | no_match
COPPA LIBERAZIONE 5 TROFEO I GREPPI GARA UNICA | 2026-04-25 | x1 | no_match
COPPA LIBERAZIONE 5 TROFEO I GREPPI GARA UNICA | 2026-04-25 | x1 | no_match
22 GRAN PREMIO DELLA LIBERAZIONE GARA UNICA | 2026-04-25 | x1 | no_match
22 GRAN PREMIO DELLA LIBERAZIONE GARA UNICA | 2026-04-25 | x1 | no_match
49 GRAN PREMIO LIBERAZIONE | 2026-04-25 | x1 | no_match
49 GRAN PREMIO LIBERAZIONE | 2026-04-25 | x1 | no_match
9 TROFEO BCC BRIANZA E LAGHI | 2026-04-25 | x1 | no_match
9 TROFEO BCC BRIANZA E LAGHI | 2026-04-25 | x1 | no_match
7 GRAN PREMIO DI CRENNA | 2026-04-25 | x1 | no_match
7 GRAN PREMIO DI CRENNA | 2026-04-25 | x1 | no_match
11 TROFEO IMPRESA COSTRUZIONI BASSO SARCA I C B | 2026-04-25 | x1 | no_match
11 TROFEO IMPRESA COSTRUZIONI BASSO SARCA I C B | 2026-04-25 | x1 | no_match
CAMPIONATO REGIONALE CRONOMETRO MEMORIAL MARIO CERVO | 2026-04-25 | x2 | keyword_match
CAMPIONATO REGIONALE CRONOMETRO MEMORIAL MARIO CERVO | 2026-04-25 | x2 | keyword_match
CAMPIONATO REGIONALE CRONOMETRO MEMORIAL MARIO CERVO | 2026-04-25 | x2 | keyword_match
CAMPIONATO REGIONALE CRONOMETRO MEMORIAL MARIO CERVO | 2026-04-25 | x2 | keyword_match
CAMPIONATO REGIONALE CRONOMETRO MEMORIAL MARIO CERVO | 2026-04-25 | x2 | keyword_match
CAMPIONATO REGIONALE CRONOMETRO MEMORIAL MARIO CERVO | 2026-04-25 | x2 | keyword_match
CAMPIONATO REGIONALE CRONOMETRO MEMORIAL MARIO CERVO | 2026-04-25 | x2 | keyword_match
LIBERAZIONE JUNIOR | 2026-04-24 | x1 | no_match
LIBERAZIONE ALLIEVI | 2026-04-24 | x1 | no_match
LIBERAZIONE ESORDIENTI GARA UNICA | 2026-04-24 | x1 | no_match
LIBERAZIONE ESORDIENTI GARA UNICA | 2026-04-24 | x1 | no_match
30 GIRO DELLA PROVINCIA DI BIELLA 84 TORINO BIELLA | 2026-04-19 | x1 | no_match
3 TROFEO PROTECH MEMORIAL RODOLFO BARDELLONI | 2026-04-19 | x1 | no_match
71 GRAN PREMIO PRETOLA PROVA VALIDA CAMPIONATO REGIONALE | 2026-04-19 | x2 | keyword_match
1 GRAN PREMIO JUNIORES SANT'ANNA | 2026-04-19 | x1 | no_match
COPPA SPORTIVI COMUNE DI TRICESIMO | 2026-04-19 | x1 | no_match
23 GIRO DELLA VALDIGREVE | 2026-04-19 | x1 | no_match
5 TROFEO CITTA' DI GOSSOLENGO | 2026-04-19 | x1 | no_match
PIANEZZE GIRLS' ROAD CLASSIC | 2026-04-19 | x3 | keyword_match
COPPA STRADE BIANCHE DI GUSSOLA | 2026-04-19 | x1 | no_match
TROFEO VALLE D'OFANTO 2026 | 2026-04-19 | x1 | no_match
TROFEO VALLE D'OFANTO 2026 DONNE ESORDIENTI PRIMO ANNO | 2026-04-19 | x1 | no_match
TROFEO VALLE D'OFANTO 2026 DONNE ESORDIENTI SECONDO ANNO | 2026-04-19 | x1 | no_match
PIANEZZE GIRLS' ROAD CLASSIC DONNE ESORDIENTI PRIMO ANNO | 2026-04-19 | x3 | keyword_match
PIANEZZE GIRLS' ROAD CLASSIC DONNE ESORDIENTI SECONDO ANNO | 2026-04-19 | x3 | keyword_match
COPPA STRADE BIANCHE DI GUSSOLA DONNE ESORDIENTI PRIMO ANNO | 2026-04-19 | x1 | no_match
COPPA STRADE BIANCHE DI GUSSOLA DONNE ESORDIENTI SECONDO ANNO | 2026-04-19 | x1 | no_match
62 GRAN PREMIO CALZIFICI E CALZATURIFICI STABBIESI | 2026-04-19 | x1 | no_match
53 TROFEO DELLA LIBERAZIONE | 2026-04-19 | x1 | no_match
2 MEMORIAL EDOARDO BERNARDI | 2026-04-19 | x1 | no_match
COPPA STRADE BIANCHE DI GUSSOLA | 2026-04-19 | x1 | no_match
1 TROFEO FERRUCCIO FRANCHI A M | 2026-04-19 | x1 | no_match
TROFEO VALLE D'OFANTO 2026 | 2026-04-19 | x1 | no_match
53 EDIZIONE CIRCUITO SAN GIUSEPPE | 2026-04-19 | x1 | no_match
TROFEO CITTA' DI ROSOLINI | 2026-04-19 | x1 | no_match
17 MEMORIAL ANTONJ ORSANI GARA UNICA | 2026-04-19 | x1 | no_match
17 MEMORIAL ANTONJ ORSANI GARA UNICA | 2026-04-19 | x1 | no_match
4 GRAN PREMIO SANT'ANNA GARA UNICA | 2026-04-19 | x1 | no_match
4 GRAN PREMIO SANT'ANNA GARA UNICA | 2026-04-19 | x1 | no_match
TROFEO VALLE D'OFANTO 2026 GARA UNICA | 2026-04-19 | x1 | no_match
TROFEO VALLE D'OFANTO 2026 GARA UNICA | 2026-04-19 | x1 | no_match
53 EDIZIONE CIRCUITO SAN GIUSEPPE GARA UNICA | 2026-04-19 | x1 | no_match
53 EDIZIONE CIRCUITO SAN GIUSEPPE GARA UNICA | 2026-04-19 | x1 | no_match
TROFEO CITTA' DI ROSOLINI GARA UNICA | 2026-04-19 | x1 | no_match
TROFEO CITTA' DI ROSOLINI GARA UNICA | 2026-04-19 | x1 | no_match
2 MEMORIAL GRAZIANO ROSSI | 2026-04-19 | x1 | no_match
2 MEMORIAL GRAZIANO ROSSI | 2026-04-19 | x1 | no_match
6 MEMORIAL SERAFINO ASTOLFO | 2026-04-19 | x1 | no_match
6 MEMORIAL SERAFINO ASTOLFO | 2026-04-19 | x1 | no_match
53 TROFEO DELLA LIBERAZIONE | 2026-04-19 | x1 | no_match
53 TROFEO DELLA LIBERAZIONE | 2026-04-19 | x1 | no_match
COPPA STRADE BIANCHE DI GUSSOLA | 2026-04-19 | x1 | no_match
COPPA STRADE BIANCHE DI GUSSOLA | 2026-04-19 | x1 | no_match
GRAN PREMIO GAETANO E MARIO ARRIGONI | 2026-04-19 | x1 | no_match
GRAN PREMIO GAETANO E MARIO ARRIGONI | 2026-04-19 | x1 | no_match
TROFEO BUSSOLATI ASFALTI | 2026-04-18 | x1 | no_match
GRAN PREMIO DI VIGONZA STRADE DE GIARA | 2026-04-18 | x1 | no_match
CRONOGUSSOLA DONNE ESORDIENTI PRIMO ANNO | 2026-04-18 | x1 | no_match
CRONOGUSSOLA DONNE ESORDIENTI SECONDO ANNO | 2026-04-18 | x1 | no_match
CRONOGUSSOLA | 2026-04-18 | x1 | no_match
CRONOGUSSOLA | 2026-04-18 | x1 | no_match
CRONOGUSSOLA | 2026-04-18 | x1 | no_match
CRONOGUSSOLA | 2026-04-18 | x1 | no_match
19 TROFEO CITTA' DI SAN VENDEMIANO UNDER23 | 2026-04-12 | x1 | no_match
72 COPPA MARIA SS DELLA STELLA | 2026-04-12 | x1 | no_match
72 COPPA MARIA SS DELLA STELLA | 2026-04-12 | x1 | no_match
4 PICCOLA LIEGI DELLE BREGONZE CASA ENRICO | 2026-04-12 | x1 | no_match
SAGRA DEL CICLISMO MEMORIAL MARTELLINI LIDO | 2026-04-12 | x1 | no_match
25 GRAN PREMIO COLLI MARIGNANESI PROVA VALIDA CAMPIONATO REGIONALE | 2026-04-12 | x2 | keyword_match
4 MEMORIAL GERMANO VITTONI | 2026-04-12 | x1 | no_match
2 TROFEO CASSA DI RISPARMIO DI FOSSANO | 2026-04-12 | x1 | no_match
2 TROFEO CASSA DI RISPARMIO DI FOSSANO | 2026-04-12 | x1 | no_match
TROFEO CITTA' DI GUSPINI | 2026-04-12 | x1 | no_match
TROFEO CITTA' DI GUSPINI | 2026-04-12 | x1 | no_match
SAGRA DEL CICLISMO MEMORIAL NIERI MAURO | 2026-04-12 | x1 | no_match
GRAN PREMIO COLLI MARIGNANESI | 2026-04-12 | x1 | no_match
7 MEMORIAL MORATTI | 2026-04-12 | x1 | no_match
68 GIRO DELLE TRE PROVINCIE | 2026-04-12 | x1 | no_match
42 GRAN PREMIO COMUNE DI LONATE CEPPINO | 2026-04-12 | x1 | no_match
GARDOLO IN BICI | 2026-04-12 | x1 | no_match
1 TROFEO CRONOSCALATA ISOLA DI CAPRI | 2026-04-12 | x1 | no_match
1 TROFEO BED E BIKE MASTROMARCO MEMORIAL MARIOTTI RENATO | 2026-04-12 | x1 | no_match
GRAN PREMIO RESANA | 2026-04-12 | x1 | no_match
1 TROFEO BED E BIKE MASTROMARCO MEMORIAL MARIOTTI RENATO DONNE ESORDIENTI PRIMO ANNO | 2026-04-12 | x1 | no_match
1 TROFEO BED E BIKE MASTROMARCO MEMORIAL MARIOTTI RENATO DONNE ESORDIENTI SECONDO ANNO | 2026-04-12 | x1 | no_match
GRAN PREMIO RESANA DONNE ESORDIENTI PRIMO ANNO | 2026-04-12 | x1 | no_match
GRAN PREMIO RESANA DONNE ESORDIENTI SECONDO ANNO | 2026-04-12 | x1 | no_match
45 TROFEO BCC VENEZIA GIULIA GARA UNICA | 2026-04-12 | x1 | no_match
45 TROFEO BCC VENEZIA GIULIA GARA UNICA | 2026-04-12 | x1 | no_match
TROFEO CITTA' DI GUSPINI GARA UNICA | 2026-04-12 | x1 | no_match
TROFEO CITTA' DI GUSPINI GARA UNICA | 2026-04-12 | x1 | no_match
1 TROFEO CRONOSCALATA ISOLA DI CAPRI | 2026-04-12 | x1 | no_match
1 TROFEO CRONOSCALATA ISOLA DI CAPRI | 2026-04-12 | x1 | no_match
SAGRA DEL CICLISMO MEMORIAL PIERO VENTURINI | 2026-04-12 | x1 | no_match
SAGRA DEL CICLISMO MEMORIAL PIERO VENTURINI | 2026-04-12 | x1 | no_match
GRAN PREMIO RESANA | 2026-04-12 | x1 | no_match
GRAN PREMIO RESANA | 2026-04-12 | x1 | no_match
29 MEMORIAL LUIGI BUSSACCHINI | 2026-04-12 | x1 | no_match
29 MEMORIAL LUIGI BUSSACCHINI | 2026-04-12 | x1 | no_match
3 TROFEO NORD PNEUS | 2026-04-12 | x1 | no_match
3 TROFEO NORD PNEUS | 2026-04-12 | x1 | no_match
TROFEO CICLOTOUR | 2026-04-12 | x1 | no_match
TROFEO CICLOTOUR GARA UNICA | 2026-04-12 | x1 | no_match
TROFEO CICLOTOUR GARA UNICA | 2026-04-12 | x1 | no_match
76 MILANO BUSSETO UNDER23 | 2026-04-11 | x1 | no_match
62 GIRO DELLA CASTELLANIA | 2026-04-11 | x1 | no_match
DONNE OPEN | 2026-04-11 | x1 | no_match
DONNE OPEN PROVA VALIDA CAMPIONATO REGIONALE DONNE JUNIORES | 2026-04-11 | x2 | keyword_match
11 TROFEO CITTA' DI BRUSIMPIANO CRONOSCALATA | 2026-04-11 | x1 | no_match
7 TROFEO DINO PIETRELLA CRONOMETRO DONNE ESORDIENTI PRIMO ANNO | 2026-04-11 | x1 | no_match
7 TROFEO DINO PIETRELLA CRONOMETRO DONNE ESORDIENTI SECONDO ANNO | 2026-04-11 | x1 | no_match
7 TROFEO DINO PIETRELLA CRONOMETRO | 2026-04-11 | x1 | no_match
7 TROFEO DINO PIETRELLA CRONOMETRO | 2026-04-11 | x1 | no_match
7 TROFEO DINO PIETRELLA CRONOMETRO | 2026-04-11 | x1 | no_match
63 GRAN PREMIO PALIO DEL RECIOTO UNDER23 | 2026-04-07 | x1 | no_match
87 GIRO DEL BELVEDERE UNDER23 | 2026-04-06 | x1 | no_match
GRAN PREMIO DEL PERDONO | 2026-04-06 | x1 | no_match
79 TROFEO VISENTINI | 2026-04-06 | x1 | no_match
71 GRAN PREMIO MARTIRI DELLA LIBERTA' | 2026-04-06 | x1 | no_match
COPPA PALAZZOLO 2026 PROVA VALIDA CAMPIONATO REGIONALE | 2026-04-06 | x2 | keyword_match
36 GRAN PREMIO CITTA' DI SAN MAURO PASCOLI PROVA VALIDA CAMPIONATO REGIONALE | 2026-04-06 | x2 | keyword_match
36 GRAN PREMIO CITTA' DI SAN MAURO PASCOLI DONNE ESORDIENTI PRIMO ANNO | 2026-04-06 | x1 | no_match
36 GRAN PREMIO CITTA' DI SAN MAURO PASCOLI DONNE ESORDIENTI SECONDO ANNO | 2026-04-06 | x1 | no_match
36 GRAN PREMIO CITTA' DI SAN MAURO PASCOLI | 2026-04-06 | x1 | no_match
67 GIR DA GIAVE | 2026-04-06 | x1 | no_match
MEMORIAL FIORENZO MONTANARI | 2026-04-06 | x1 | no_match
78 COPPA COMUNE DI CALENZANO | 2026-04-06 | x1 | no_match
5 TROFEO CITTA' DI MONTEVARCHI | 2026-04-06 | x1 | no_match
78 COPPA COMUNE DI CALENZANO GARA UNICA | 2026-04-06 | x1 | no_match
78 COPPA COMUNE DI CALENZANO GARA UNICA | 2026-04-06 | x1 | no_match
COPPA CITTA' DI MONTEVARCHI GARA UNICA | 2026-04-06 | x1 | no_match
COPPA CITTA' DI MONTEVARCHI GARA UNICA | 2026-04-06 | x1 | no_match
46 GRAN PREMIO MOSOLE | 2026-04-06 | x1 | no_match
46 GRAN PREMIO MOSOLE | 2026-04-06 | x1 | no_match
77 TROFEO PIVA UNDER23 | 2026-04-05 | x1 | no_match
50 COPPA CADUTI DI REDA | 2026-04-05 | x1 | no_match
PASQUALANDO | 2026-04-05 | x1 | no_match
PASQUALANDO | 2026-04-05 | x1 | no_match
PASQUALANDO | 2026-04-05 | x1 | no_match
PASQUALANDO GARA UNICA | 2026-04-05 | x1 | no_match
PASQUALANDO GARA UNICA | 2026-04-05 | x1 | no_match
TROFEO MICHELE SCARPONI DUE GIORNI | 2026-04-04 | x1 | no_match
PASQUALANDO | 2026-04-04 | x1 | no_match
37 MEMORIAL VINCENZO MANTOVANI | 2026-04-04 | x1 | no_match
PASQUALANDO | 2026-04-04 | x1 | no_match
6 TROFEO CITTA' BELLARIA IGEA MARINA | 2026-04-04 | x1 | no_match
GIORNATA AZZURRA | 2026-04-04 | x1 | no_match
GIORNATA AZZURRA ESORDIENTI GARA UNICA | 2026-04-04 | x1 | no_match
GIORNATA AZZURRA ESORDIENTI GARA UNICA | 2026-04-04 | x1 | no_match
6 TROFEO CITTA' BELLARIA IGEA MARINA | 2026-04-04 | x1 | no_match
6 TROFEO CITTA' BELLARIA IGEA MARINA | 2026-04-04 | x1 | no_match
TROFEO DI PASQUA | 2026-04-04 | x1 | no_match
TROFEO DI PASQUA GARA UNICA | 2026-04-04 | x1 | no_match
TROFEO DI PASQUA GARA UNICA | 2026-04-04 | x1 | no_match
TROFEO MICHELE SCARPONI DUE GIORNI | 2026-04-03 | x1 | no_match
64 COPPA FIERA DI MERCATALE | 2026-03-31 | x1 | no_match
5 GRAN PREMIO DELLA BATTAGLIA | 2026-03-29 | x1 | no_match
51 COPPA MARTIRI DI MONTEMAGGIO | 2026-03-29 | x1 | no_match
64 GRAN PREMIO RINASCITA | 2026-03-29 | x1 | no_match
35 NOVARA SUNO | 2026-03-29 | x1 | no_match
TROFEO IREN | 2026-03-29 | x1 | no_match
61 COPPA D DENTONI | 2026-03-29 | x1 | no_match
61 COPPA D DENTONI | 2026-03-29 | x1 | no_match
GRAN PREMIO FIORITURA | 2026-03-29 | x1 | no_match
106 TARGA D'ORO CITTA' DI LEGNANO | 2026-03-29 | x1 | no_match
106 TARGA D'ORO DONNE ESORDIENTI PRIMO ANNO | 2026-03-29 | x1 | no_match
106 TARGA D'ORO DONNE ESORDIENTI SECONDO ANNO | 2026-03-29 | x1 | no_match
GRAN PREMIO ROTHOBLAAS GARA IN LINEA | 2026-03-29 | x1 | no_match
GRAN PREMIO ROTHOBLAAS CRONOMETRO INDIVIDUALE | 2026-03-29 | x1 | no_match
64 GRAN PREMIO RINASCITA | 2026-03-29 | x1 | no_match
52 GRAN PREMIO PINO COZZI | 2026-03-29 | x1 | no_match
7 TROFEO QUADRE CITTA' DI CHIARI | 2026-03-29 | x1 | no_match
GRAN PREMIO FIORITURA | 2026-03-29 | x1 | no_match
16 TROFEO COMUNE DI SALIZZOLE | 2026-03-29 | x1 | no_match
GRAN PREMIO RESISTENZA E CADUTI CASTELLETTESI | 2026-03-29 | x1 | no_match
23 COPPA CROCE AZZURRA PONTASSIEVE | 2026-03-29 | x1 | no_match
28 MEMORIAL FRANCESCA ALOTTA | 2026-03-29 | x1 | no_match
28 MEMORIAL FRANCESCA ALOTTA GARA UNICA | 2026-03-29 | x1 | no_match
28 MEMORIAL FRANCESCA ALOTTA GARA UNICA | 2026-03-29 | x1 | no_match
COPPA CITTA' DI OLBIA GARA UNICA | 2026-03-29 | x1 | no_match
COPPA CITTA' DI OLBIA GARA UNICA | 2026-03-29 | x1 | no_match
7 TROFEO QUADRE CITTA' DI CHIARI | 2026-03-29 | x1 | no_match
7 TROFEO QUADRE CITTA' DI CHIARI | 2026-03-29 | x1 | no_match
GRAN PREMIO FIORITURA | 2026-03-29 | x1 | no_match
GRAN PREMIO FIORITURA | 2026-03-29 | x1 | no_match
16 TROFEO COMUNE DI SALIZZOLE | 2026-03-29 | x1 | no_match
16 TROFEO COMUNE DI SALIZZOLE | 2026-03-29 | x1 | no_match
MEMORIAL BESOZZI | 2026-03-29 | x1 | no_match
MEMORIAL BESOZZI | 2026-03-29 | x1 | no_match
15 MEMORIAL TOMMASO CAVORSO | 2026-03-29 | x1 | no_match
15 MEMORIAL TOMMASO CAVORSO | 2026-03-29 | x1 | no_match
GRAN PREMIO MARCELLO FALCONE | 2026-03-29 | x1 | no_match
5 MEMORIAL GIUSEPPA PATELLARO | 2026-03-29 | x1 | no_match
5 MEMORIAL GIUSEPPA PATELLARO | 2026-03-29 | x1 | no_match
75 GRAN PREMIO FIERA DELLA POSSENTA | 2026-03-28 | x1 | no_match
E3 SAXO CLASSIC | 2026-03-27 | x3 | keyword_match
22 TROFEO RISTORANTE ALLA COLOMBERA | 2026-03-22 | x1 | no_match
73 COPPA SENIO | 2026-03-22 | x1 | no_match
MEMORIAL ENNIO BONGIORNI | 2026-03-22 | x1 | no_match
57 VARESE ANGERA | 2026-03-22 | x1 | no_match
2 GRAN PREMIO CADELBOSCO DI SOPRA | 2026-03-22 | x1 | no_match
TROFEO PIZZATO | 2026-03-22 | x1 | no_match
15 TROFEO VINI TERRE GAIE | 2026-03-22 | x1 | no_match
15 TROFEO VINI TERRE GAIE DONNE ESORDIENTI PRIMO ANNO | 2026-03-22 | x1 | no_match
15 TROFEO VINI TERRE GAIE DONNE ESORDIENTI SECONDO ANNO | 2026-03-22 | x1 | no_match
2 GRAN PREMIO CADELBOSCO DI SOPRA | 2026-03-22 | x1 | no_match
2 GRAN PREMIO CADELBOSCO DI SOPRA | 2026-03-22 | x1 | no_match
51 GRAN PREMIO CITTA' DI MONSELICE | 2026-03-22 | x1 | no_match
51 GRAN PREMIO CITTA' DI MONSELICE | 2026-03-22 | x1 | no_match
MEMORIAL ENNIO BONGIORNI | 2026-03-22 | x1 | no_match
MEMORIAL ENNIO BONGIORNI | 2026-03-22 | x1 | no_match
GIRO DELL'APPENNINO DONNE | 2026-03-22 | x1 | no_match
MILANO SANREMO DONNE | 2026-03-21 | x1 | no_match
75 COPPA GIUSEPPE CEI | 2026-03-15 | x1 | no_match
MEMORIAL MICHELA FANINI | 2026-03-15 | x1 | no_match
109 POPOLARISSIMA | 2026-03-15 | x1 | no_match
13 PICCOLO TROFEO ALFREDO BINDA VALLI DEL VERBANO | 2026-03-15 | x1 | no_match
65 GRAN PREMIO SAN GIUSEPPE UNDER23 | 2026-03-15 | x1 | no_match
85 CIRCUITO DI ORSAGO | 2026-03-15 | x1 | no_match
46 PICCOLA SAN GEO | 2026-03-15 | x1 | no_match
COPPA CITTA' DI GENOVA | 2026-03-15 | x1 | no_match
LA GARIBALDINA | 2026-03-15 | x1 | no_match
5 MEMORIAL PAOLO BAICCHI | 2026-03-15 | x1 | no_match
49 TROFEO ZINELLI MARIO E TERESI' A M | 2026-03-15 | x1 | no_match
42 TROFEO VALLONCINI ERNESTO A M | 2026-03-15 | x1 | no_match
42 TROFEO VALLONCINI ERNESTO A M | 2026-03-15 | x1 | no_match
MEMORIAL MICHELA FANINI DONNE ESORDIENTI PRIMO ANNO | 2026-03-15 | x1 | no_match
MEMORIAL MICHELA FANINI DONNE ESORDIENTI SECONDO ANNO | 2026-03-15 | x1 | no_match
4 CRONOVERSILIA | 2026-03-09 | x1 | no_match
CIRCUITO DELLE CONCHE | 2026-03-08 | x1 | no_match
14 GRAN PREMIO DELL'INDUSTRIA DI CIVITANOVA MARCHE | 2026-03-08 | x1 | no_match
GRAN PREMIO CITTA' DI NONANTOLA | 2026-03-08 | x1 | no_match
GRAN PREMIO CITTA' DI NONANTOLA | 2026-03-08 | x1 | no_match
MEMORIAL CLARA E FALIERO VANGI | 2026-03-08 | x1 | no_match
ORO IN EURO | 2026-03-08 | x1 | no_match
12 STRADE BIANCHE DONNE | 2026-03-07 | x1 | no_match
GRAN PREMIO GIULIANO BARONTI | 2026-03-01 | x1 | no_match
MEDAGLIA ORO SPORTIVI LA RIZZA | 2026-03-01 | x1 | no_match
TROFEO TECNOMECCANICA | 2026-03-01 | x1 | no_match
59 COPPA BELRICETTO | 2026-03-01 | x1 | no_match
TROFEO TECNOMECCANICA | 2026-03-01 | x1 | no_match
24 GRAN PREMIO DE NARDI | 2026-03-01 | x1 | no_match
32 MEMORIAL POLESE | 2026-02-28 | x1 | no_match
5 MISANO 100 OPEN GAMES | 2026-02-22 | x1 | no_match
64 GRAN PREMIO LA TORRE | 2026-02-22 | x1 | no_match
39 FIRENZE EMPOLI | 2026-02-21 | x1 | no_match
TROFEO MUGELLO BIKE EXPO | 2026-02-15 | x1 | no_match
102 COPPA SAN GEO | 2026-02-14 | x1 | no_match
TROFEO CAMPIONI MUGELLANI | 2026-02-14 | x1 | no_match
TROFEO ARTI E MESTIERI DELLA TRADIZIONE MUGELLANA | 2026-02-14 | x1 | no_match
